[debug] [2026-10-07T08:57:13.226Z] ----------------------------------------------------------------------
[debug] [2026-10-07T08:57:13.230Z] Command:       /usr/local/bin/node /usr/local/bin/firebase deploy
[debug] [2026-10-07T08:57:13.230Z] CLI Version:   15.18.0
[debug] [2026-10-07T08:57:13.230Z] Platform:      darwin
[debug] [2026-10-07T08:57:13.230Z] Node Version:  v22.22.3
[debug] [2026-10-07T08:57:13.231Z] Time:          Wed Oct 07 2026 09:57:13 GMT+0100 (West Africa Time)
[debug] [2026-10-07T08:57:13.231Z] ----------------------------------------------------------------------
[debug] 
[debug] [2026-10-07T08:57:15.239Z] > command requires scopes: ["email","openid","https://www.googleapis.com/auth/cloudplatformprojects.readonly","https://www.googleapis.com/auth/firebase","https://www.googleapis.com/auth/cloud-platform"]
[debug] [2026-10-07T08:57:15.240Z] > authorizing via signed-in user (abdulazizladan@gmail.com)
[debug] [2026-10-07T08:57:15.240Z] [iam] checking project pigeon-001 for permissions ["firebase.projects.get","firebasehosting.sites.update"]
[debug] [2026-10-07T08:57:15.241Z] Checked if tokens are valid: false, expires at: 1791287960391
[debug] [2026-10-07T08:57:15.241Z] Checked if tokens are valid: false, expires at: 1791287960391
[debug] [2026-10-07T08:57:15.242Z] > refreshing access token with scopes: []
[debug] [2026-10-07T08:57:15.250Z] >>> [apiv2][query] POST https://www.googleapis.com/oauth2/v3/token [none]
[debug] [2026-10-07T08:57:15.250Z] >>> [apiv2][body] POST https://www.googleapis.com/oauth2/v3/token [omitted]
[debug] [2026-10-07T08:57:23.132Z] <<< [apiv2][status] POST https://www.googleapis.com/oauth2/v3/token 200
[debug] [2026-10-07T08:57:23.132Z] <<< [apiv2][body] POST https://www.googleapis.com/oauth2/v3/token [omitted]
[debug] [2026-10-07T08:57:23.144Z] >>> [apiv2][query] POST https://cloudresourcemanager.googleapis.com/v1/projects/pigeon-001:testIamPermissions [none]
[debug] [2026-10-07T08:57:23.144Z] >>> [apiv2][(partial)header] POST https://cloudresourcemanager.googleapis.com/v1/projects/pigeon-001:testIamPermissions  x-goog-user-project=pigeon-001
[debug] [2026-10-07T08:57:23.144Z] >>> [apiv2][body] POST https://cloudresourcemanager.googleapis.com/v1/projects/pigeon-001:testIamPermissions {"permissions":["firebase.projects.get","firebasehosting.sites.update"]}
[debug] [2026-10-07T08:57:34.481Z] *** [apiv2] error from fetch(https://cloudresourcemanager.googleapis.com/v1/projects/pigeon-001:testIamPermissions, {"headers":{},"method":"POST","body":"{\"permissions\":[\"firebase.projects.get\",\"firebasehosting.sites.update\"]}"}): FetchError: request to https://cloudresourcemanager.googleapis.com/v1/projects/pigeon-001:testIamPermissions failed, reason: Client network socket disconnected before secure TLS connection was established
[debug] [2026-10-07T08:57:34.482Z] [iam] error while checking permissions, command may fail: Failed to make request to https://cloudresourcemanager.googleapis.com/v1/projects/pigeon-001:testIamPermissions
[debug] [2026-10-07T08:57:34.482Z] Checked if tokens are valid: true, expires at: 1791367042132
[debug] [2026-10-07T08:57:34.482Z] Checked if tokens are valid: true, expires at: 1791367042132
[debug] [2026-10-07T08:57:34.483Z] >>> [apiv2][query] GET https://firebase.googleapis.com/v1beta1/projects/pigeon-001 [none]
[debug] [2026-10-07T08:58:00.284Z] *** [apiv2] error from fetch(https://firebase.googleapis.com/v1beta1/projects/pigeon-001, {"headers":{},"method":"GET","signal":{"reason":""}}): FetchError: request to https://firebase.googleapis.com/v1beta1/projects/pigeon-001 failed, reason: Client network socket disconnected before secure TLS connection was established
[debug] [2026-10-07T08:58:00.285Z] Failed to make request to https://firebase.googleapis.com/v1beta1/projects/pigeon-001 (original: request to https://firebase.googleapis.com/v1beta1/projects/pigeon-001 failed, reason: Client network socket disconnected before secure TLS connection was established)
[debug] [2026-10-07T08:58:05.295Z] Error: Timed out.
    at Timeout._onTimeout (/usr/local/lib/node_modules/firebase-tools/lib/utils.js:309:49)
    at listOnTimeout (node:internal/timers:585:17)
    at process.processTimers (node:internal/timers:521:7)
[error] 
[error] Error: An unexpected error has occurred.
